../Core/Src/main.c:117:9:MPU6050_Init	32	static
../Core/Src/main.c:135:6:MPU6050_Read_Accel_Gyro	48	static
../Core/Src/main.c:148:6:CalibrateGyro	16	static
../Core/Src/main.c:154:6:CalibrateAngles	24	static
../Core/Src/main.c:160:6:FilterGyro	32	static
../Core/Src/main.c:179:7:LowPassFilter	32	static
../Core/Src/main.c:184:6:ControlMotor	16	static
../Core/Src/main.c:223:7:Kalman_GetAngle	64	static
../Core/Src/main.c:257:7:PID_Compute	48	static
../Core/Src/main.c:280:6:ProcessBluetoothCommand	16	static
../Core/Src/main.c:304:5:main	80	static
../Core/Src/main.c:391:6:SystemClock_Config	72	static
../Core/Src/main.c:413:13:MX_I2C1_Init	8	static
../Core/Src/main.c:427:13:MX_TIM2_Init	64	static
../Core/Src/main.c:455:13:MX_TIM3_Init	32	static
../Core/Src/main.c:476:13:MX_USART1_UART_Init	8	static
../Core/Src/main.c:492:13:MX_GPIO_Init	40	static
../Core/Src/main.c:523:6:HAL_TIM_PeriodElapsedCallback	16	static
../Core/Src/main.c:531:6:HAL_UART_RxCpltCallback	16	static
../Core/Src/main.c:539:6:Error_Handler	4	static,ignoring_inline_asm
